VICE PID=74658, port=6518; waiting for $02A7
Init complete after 316.8s
=== p384 ===
[PASS] ecdsa-p384 :: baseline valid (hazmat key, manual k) (90.8s)
[PASS] ecdsa-p384 :: malleable (r, n-s) must VERIFY (93.8s)
[PASS] ecdsa-p384 :: r = n-1 (random) (93.3s)
[PASS] ecdsa-p384 :: s = n-1 (random) (93.0s)
[PASS] ecdsa-p384 :: s = n (0.0s)
[PASS] ecdsa-p384 :: r = n+1 (0.0s)
[PASS] ecdsa-p384 :: s = n+1 (0.0s)
[PASS] ecdsa-p384 :: s = 2^bits-1 (0.0s)
[PASS] ecdsa-p384 :: r = 0 (0.0s)
[PASS] ecdsa-p384 :: h = 0 via signing (u1 = 0 path) (79.2s)
[PASS] ecdsa-p384 :: h = n (≡0 mod n, unreduced input) (79.3s)
[PASS] ecdsa-p384 :: h = 2^bits-1 (>= n, unreduced) (86.7s)
[PASS] ecdsa-p384 :: h = 0 with baseline sig (must reject) (73.5s)
[PASS] ecdsa-p384 :: h = 2^bits-1 with baseline sig (must reject) (86.8s)
[PASS] ecdsa-p384 :: h=0 constructed sig, random Q (68.7s)
[PASS] ecdsa-p384 :: h=0 constructed sig, Q = -G (65.0s)
[PASS] ecdsa-p384 :: h=0, (r,s)=(Qx,Qx): u2=1, R=Q, x(R)=r (0.3s)
[PASS] ecdsa-p384 :: cofactor fallback: Q.x in [n,p), r = Qx-n, s = r, h=0 (0.3s)
[PASS] ecdsa-p384 :: cofactor fallback negative: r = Qx-n+1 (60.5s)
[PASS] ecdsa-p384 :: u1*G + u2*Q = infinity (h = -r*d mod n) must REJECT (71.5s)
[PASS] ecdsa-p384 :: u1*G == u2*Q (J+J doubling path), valid (73.0s)
[PASS] ecdsa-p384 :: h=0 constructed sig, Q with smallest x=0 (55.2s)
[PASS] ecdsa-p384 :: same but Qx+p (non-canonical) must REJECT (0.0s)
[PASS] ecdsa-p384 :: same but Qx+p (non-canonical) must REJECT (0.0s)
[PASS] ecdsa-p384 :: Q = (0,0) infinity-ish encoding (0.0s)
[PASS] ecdsa-p384 :: Q = (p, p) (0.0s)
[PASS] ecdsa-p384 :: Q off-curve (qy+1) (0.0s)
[PASS] ecdsa-p384 :: Q on wrong curve (b+1) (0.0s)
[PASS] ecdsa-p384 :: valid sig, d=n-1 (Q=-G) (65.9s)
[PASS] ecdsa-p384 :: valid sig with r top byte 0 (r=0x39a5049712fef05ddd0a0d4b5d3eb45ca69f922c53cae0a3ade3c7f2bac9591e6ec498a12b00f59ff1b10f1f7c67c) (66.5s)
[PASS] ecdsa-p384 :: valid sig with k=1 (r = Gx mod n) (65.8s)
[PASS] ecdsa-p384 :: hazmat random valid #0 (67.2s)
[PASS] ecdsa-p384 :: hazmat random #1, h bit flipped (68.4s)
SUMMARY pass=33 fail=0 info=0
